// Jest Snapshot v1, https://goo.gl/fbAQLP

exports[`Intro component test renders as expected 1`] = `
<Page
  navigation={true}
  store={
    ObservableListStore {
      "_locale": Object {
        "locale_moment": "ko",
        "value": "ko",
      },
      "ready": undefined,
      "rootNavigatorActionHorizontal": false,
      "user": User {
        "_age": undefined,
        "_displayName": undefined,
        "_job": undefined,
      },
    }
  }
/>
`;

exports[`Intro renders without crashing 1`] = `
<View
  style={
    Object {
      "alignItems": "center",
      "backgroundColor": "#e3e3e3",
      "flex": 1,
      "flexDirection": "column",
    }
  }
>
  <Text
    accessible={true}
    allowFontScaling={true}
    ellipsizeMode="tail"
    style={
      Object {
        "color": "rgb(65,77,107)",
        "fontSize": 24,
        "marginTop": 100,
      }
    }
  >
    DOOBOO NATIVE
  </Text>
  <View
    style={
      Object {
        "alignItems": "center",
        "marginTop": 60,
      }
    }
  >
    <Text
      accessible={true}
      allowFontScaling={true}
      ellipsizeMode="tail"
      style={
        Object {
          "color": "rgb(65,77,107)",
          "fontSize": 16,
          "lineHeight": 48,
        }
      }
    />
    <Text
      accessible={true}
      allowFontScaling={true}
      ellipsizeMode="tail"
      style={
        Object {
          "color": "rgb(65,77,107)",
          "fontSize": 16,
          "lineHeight": 48,
        }
      }
    />
    <Text
      accessible={true}
      allowFontScaling={true}
      ellipsizeMode="tail"
      style={
        Object {
          "color": "rgb(65,77,107)",
          "fontSize": 16,
          "lineHeight": 48,
        }
      }
    />
  </View>
  <View
    style={
      Object {
        "bottom": 40,
        "position": "absolute",
      }
    }
  >
    <View
      accessibilityComponentType={undefined}
      accessibilityLabel={undefined}
      accessibilityTraits={undefined}
      accessible={true}
      collapsable={undefined}
      hasTVPreferredFocus={undefined}
      hitSlop={undefined}
      isTVSelectable={true}
      nativeID={undefined}
      onLayout={undefined}
      onResponderGrant={[Function]}
      onResponderMove={[Function]}
      onResponderRelease={[Function]}
      onResponderTerminate={[Function]}
      onResponderTerminationRequest={[Function]}
      onStartShouldSetResponder={[Function]}
      style={
        Object {
          "opacity": 1,
        }
      }
      testID={undefined}
      tvParallaxProperties={undefined}
    >
      <View
        style={
          Object {
            "alignItems": "center",
            "alignSelf": "center",
            "backgroundColor": "rgb(58,139,255)",
            "borderRadius": 4,
            "height": 52,
            "justifyContent": "center",
            "width": 320,
          }
        }
      >
        <Image
          source={
            Object {
              "process": [Function],
            }
          }
          style={
            Object {
              "height": 24,
              "left": 16,
              "position": "absolute",
              "width": 24,
            }
          }
        />
        <Text
          accessible={true}
          allowFontScaling={true}
          ellipsizeMode="tail"
          style={
            Object {
              "color": "white",
              "fontSize": 14,
            }
          }
        >
          로그인
        </Text>
      </View>
    </View>
    <View
      accessibilityComponentType={undefined}
      accessibilityLabel={undefined}
      accessibilityTraits={undefined}
      accessible={true}
      collapsable={undefined}
      hasTVPreferredFocus={undefined}
      hitSlop={undefined}
      isTVSelectable={true}
      nativeID={undefined}
      onLayout={undefined}
      onResponderGrant={[Function]}
      onResponderMove={[Function]}
      onResponderRelease={[Function]}
      onResponderTerminate={[Function]}
      onResponderTerminationRequest={[Function]}
      onStartShouldSetResponder={[Function]}
      style={
        Object {
          "opacity": 1,
        }
      }
      testID={undefined}
      tvParallaxProperties={undefined}
    >
      <View
        style={
          Array [
            Object {
              "alignItems": "center",
              "alignSelf": "center",
              "backgroundColor": "white",
              "borderRadius": 4,
              "height": 52,
              "justifyContent": "center",
              "width": 320,
            },
            Object {
              "marginTop": 15,
            },
          ]
        }
      >
        <Text
          accessible={true}
          allowFontScaling={true}
          ellipsizeMode="tail"
          style={
            Object {
              "color": "rgb(58,139,255)",
            }
          }
        >
          Navigate
        </Text>
      </View>
    </View>
  </View>
</View>
`;
